mocha/arguments.js:4:23 Replaced _.pluck(persons, 'name') with "MUTATION!" -> SURVIVED
mocha/arguments.js:4:49 Replaced name with "MUTATION!" -> SURVIVED
mocha/arguments.js:4:31 Replaced persons with "MUTATION!" -> SURVIVED
mocha/arguments.js:4:40 Replaced 'name' with "MUTATION!" -> SURVIVED
8 of 12 unignored mutations are tested (66%).
