test/fixtures/mocha/attribute.js:3:9 Removed name: name,  -> SURVIVED
test/fixtures/mocha/attribute.js:4:9 Removed age: age -> SURVIVED
3 of 5 unignored mutations are tested (60%).
