/test/fixtures/mocha/script1.js:13:5 sum = sum + 0; can be removed
/test/fixtures/mocha/script1.js:14:5 console.log(sum); can be removed
/test/fixtures/mocha/script1.js:13:17 is inside a surviving mutation
/test/fixtures/mocha/script1.js:14:17 is inside a surviving mutation
/test/fixtures/mocha/script1.js:14:5 is inside a surviving mutation
/test/fixtures/mocha/script1.js:14:5 is inside a surviving mutation
/test/fixtures/mocha/script2.js:5:5 array = array; can be removed
/test/fixtures/mocha/script2.js:6:5 log(array); can be removed
/test/fixtures/mocha/script2.js:6:9 is inside a surviving mutation
/test/fixtures/mocha/script2.js:6:5 is inside a surviving mutation
27 of 37 unignored mutations are tested (72%).
