mocha/script1.js:13:5 Removed sum = sum + 0; -> SURVIVED
mocha/script1.js:14:5 Removed console.log(sum); -> SURVIVED
mocha/script1.js:13:14 is inside a surviving mutation
mocha/script1.js:13:17 is inside a surviving mutation
mocha/script1.js:14:17 is inside a surviving mutation
mocha/script1.js:14:5 is inside a surviving mutation
mocha/script1.js:14:5 is inside a surviving mutation
mocha/script2.js:5:5 Removed array = array; -> SURVIVED
mocha/script2.js:6:5 Removed log(array); -> SURVIVED
mocha/script2.js:6:9 is inside a surviving mutation
mocha/script2.js:6:5 is inside a surviving mutation
28 of 39 unignored mutations are tested (71%).
