test/fixtures/mocha/logicalExpression.js:3:16 Replaced  &&  with || -> SURVIVED
test/fixtures/mocha/logicalExpression.js:8:16 Replaced  ||  with && -> SURVIVED
6 of 8 unignored mutations are tested (75%).
