test/fixtures/mocha/mathoperators.js:2:13 Replaced  +  with - -> SURVIVED
test/fixtures/mocha/mathoperators.js:6:13 Replaced  -  with + -> SURVIVED
test/fixtures/mocha/mathoperators.js:10:13 Replaced  *  with / -> SURVIVED
test/fixtures/mocha/mathoperators.js:15:17 Replaced  /  with * -> SURVIVED
test/fixtures/mocha/mathoperators.js:21:13 Replaced  %  with * -> SURVIVED
16 of 21 unignored mutations are tested (76%).
