test/fixtures/mocha/unaryExpression.js:2:18 Removed - -> SURVIVED
test/fixtures/mocha/unaryExpression.js:6:15 Removed - -> SURVIVED
test/fixtures/mocha/unaryExpression.js:10:15 Removed ~ -> SURVIVED
test/fixtures/mocha/unaryExpression.js:14:16 Removed ! -> SURVIVED
test/fixtures/mocha/unaryExpression.js:18:17 Removed - -> SURVIVED
test/fixtures/mocha/unaryExpression.js:22:17 Removed ! -> SURVIVED
18 of 24 unignored mutations are tested (75%).
