test/fixtures/mocha/update-expressions.js:3:15 Replaced  <  with <= -> SURVIVED
test/fixtures/mocha/update-expressions.js:3:12 Replaced ++ with -- -> SURVIVED
test/fixtures/mocha/update-expressions.js:3:18 Replaced 10 with 11 -> SURVIVED
test/fixtures/mocha/update-expressions.js:8:15 Replaced  >  with >= -> SURVIVED
test/fixtures/mocha/update-expressions.js:8:12 Replaced -- with ++ -> SURVIVED
test/fixtures/mocha/update-expressions.js:8:18 Replaced 10 with 11 -> SURVIVED
test/fixtures/mocha/update-expressions.js:13:15 Replaced  <  with <= -> SURVIVED
test/fixtures/mocha/update-expressions.js:13:13 Replaced ++ with -- -> SURVIVED
test/fixtures/mocha/update-expressions.js:13:18 Replaced 10 with 11 -> SURVIVED
test/fixtures/mocha/update-expressions.js:20:15 Replaced  >  with >= -> SURVIVED
test/fixtures/mocha/update-expressions.js:20:13 Replaced -- with ++ -> SURVIVED
test/fixtures/mocha/update-expressions.js:20:18 Replaced 10 with 11 -> SURVIVED
12 of 24 unignored mutations are tested (50%).
